[eigo-sugiyama.github.io/samurai_GitHubPages/index.html]
[backblue.gif]
[fade.gif]
[index.html]
[eigo-sugiyama.github.io/samurai_GitHubPages/images/logo.png]
[eigo-sugiyama.github.io/samurai_GitHubPages/style.css]
[eigo-sugiyama.github.io/samurai_GitHubPages/index-2.html]
[eigo-sugiyama.github.io/samurai_GitHubPages/mission.html]
[eigo-sugiyama.github.io/samurai_GitHubPages/product.html]
[eigo-sugiyama.github.io/samurai_GitHubPages/images/button-menu.png]
[eigo-sugiyama.github.io/samurai_GitHubPages/images/button-close.png]
[eigo-sugiyama.github.io/samurai_GitHubPages/images/logo-sp.png]
[eigo-sugiyama.github.io/samurai_GitHubPages/images/button-facebook.png]
[eigo-sugiyama.github.io/samurai_GitHubPages/images/button-twitter.png]
[eigo-sugiyama.github.io/samurai_GitHubPages/images/button-youtube.png]
[eigo-sugiyama.github.io/samurai_GitHubPages/images/index/index-main.png]
[eigo-sugiyama.github.io/samurai_GitHubPages/images/index/index-mission.png]
[eigo-sugiyama.github.io/samurai_GitHubPages/images/index/s2dgs.png]
[eigo-sugiyama.github.io/samurai_GitHubPages/images/button-more.png]
[eigo-sugiyama.github.io/samurai_GitHubPages/images/index/index-mantoman.png]
[eigo-sugiyama.github.io/samurai_GitHubPages/images/index/index-career.png]
[eigo-sugiyama.github.io/samurai_GitHubPages/images/index/index-media.png]
[eigo-sugiyama.github.io/samurai_GitHubPages/images/index/index-b2b.png]
[eigo-sugiyama.github.io/samurai_GitHubPages/images/index/index-aboutus1.png]
[eigo-sugiyama.github.io/samurai_GitHubPages/images/index/index-aboutus2.png]
[eigo-sugiyama.github.io/samurai_GitHubPages/images/index/vision-01.png]
[eigo-sugiyama.github.io/samurai_GitHubPages/images/index/vision-02.png]
[eigo-sugiyama.github.io/samurai_GitHubPages/images/index/vision-03.png]
[eigo-sugiyama.github.io/samurai_GitHubPages/images/index/vision-04.png]
[eigo-sugiyama.github.io/samurai_GitHubPages/images/index/vision-05.png]
[eigo-sugiyama.github.io/samurai_GitHubPages/images/index/vision-06.png]
[eigo-sugiyama.github.io/samurai_GitHubPages/images/index/vision-07.png]
[eigo-sugiyama.github.io/samurai_GitHubPages/index.html]
[eigo-sugiyama.github.io/samurai_GitHubPages/images/button-submit.png]
[eigo-sugiyama.github.io/samurai_GitHubPages/images/line.png]
[eigo-sugiyama.github.io/samurai_GitHubPages/images/mission/mission-main.png]
[eigo-sugiyama.github.io/samurai_GitHubPages/images/product/product-main.png]
[eigo-sugiyama.github.io/samurai_GitHubPages/style.css]
[eigo-sugiyama.github.io/samurai_GitHubPages/index-2.html]
[eigo-sugiyama.github.io/samurai_GitHubPages/images/arrow.png]
[eigo-sugiyama.github.io/samurai_GitHubPages/images/mission/mission-s2dgs.png]
[eigo-sugiyama.github.io/samurai_GitHubPages/images/mission/mission-5goals.png]
[eigo-sugiyama.github.io/samurai_GitHubPages/images/mission/mission-5goals01.png]
[eigo-sugiyama.github.io/samurai_GitHubPages/images/mission/mission-5goals02.png]
[eigo-sugiyama.github.io/samurai_GitHubPages/images/mission/mission-5goals03.png]
[eigo-sugiyama.github.io/samurai_GitHubPages/images/mission/mission-5goals04.png]
[eigo-sugiyama.github.io/samurai_GitHubPages/mission.html]
[eigo-sugiyama.github.io/samurai_GitHubPages/images/mission/mission-5goals05.png]
[eigo-sugiyama.github.io/samurai_GitHubPages/images/product/product-mantoman.png]
[eigo-sugiyama.github.io/samurai_GitHubPages/images/product/product-media.png]
[eigo-sugiyama.github.io/samurai_GitHubPages/images/product/product-career.png]
[eigo-sugiyama.github.io/samurai_GitHubPages/product.html]
[eigo-sugiyama.github.io/samurai_GitHubPages/images/product/product-b2b.png]
